// Jest Snapshot v1, https://goo.gl/fbAQLP

exports[`renders correctly 1`] = `
<div>
  <WithStyles(AppBar)
    position="fixed"
  >
    <WithStyles(Toolbar)>
      <WithStyles(IconButton)
        aria-label="go back"
        color="inherit"
        component={[Function]}
        to="/signin"
      >
        <pure(ArrowBack) />
      </WithStyles(IconButton)>
      <WithStyles(Typography)
        className="styles"
        color="inherit"
        noWrap={true}
        variant="title"
      >
        Set up Boxwise
      </WithStyles(Typography)>
    </WithStyles(Toolbar)>
  </WithStyles(AppBar)>
  <WithStyles(Toolbar) />
  <WithStyles(Page)>
    <WithStyles(Grid)
      alignItems="center"
      container={true}
      justify="center"
      spacing={24}
    >
      <WithStyles(Grid)
        item={true}
        md={4}
        xs={12}
      >
        <br />
        <br />
        <CreateOrganizationFlow
          onDone={[Function]}
        />
      </WithStyles(Grid)>
    </WithStyles(Grid)>
  </WithStyles(Page)>
</div>
`;
