// Jest Snapshot v1, https://goo.gl/fbAQLP

exports[`<AppBarHeader /> renders correctly 1`] = `
<div>
  <header
    class="MuiPaper-root-10 MuiPaper-elevation4-16 MuiAppBar-root-1 MuiAppBar-positionFixed-2 MuiAppBar-colorPrimary-8 mui-fixed"
  >
    <div
      class="MuiToolbar-root-37 MuiToolbar-regular-39 MuiToolbar-gutters-38"
    >
      <a
        aria-label="go back"
        class="MuiButtonBase-root-47 MuiIconButton-root-41 MuiIconButton-colorInherit-42"
        href="/dummy"
        role="button"
        tabindex="0"
      >
        <span
          class="MuiIconButton-label-46"
        >
          <svg
            aria-hidden="true"
            class="MuiSvgIcon-root-50"
            focusable="false"
            role="presentation"
            viewBox="0 0 24 24"
          >
            <path
              d="M0 0h24v24H0z"
              fill="none"
            />
            <path
              d="M20 11H7.83l5.59-5.59L12 4l-8 8 8 8 1.41-1.41L7.83 13H20v-2z"
            />
          </svg>
        </span>
        <span
          class="MuiTouchRipple-root-95"
        />
      </a>
      <h6
        class="MuiTypography-root-59 MuiTypography-h6-76 MuiTypography-colorInherit-88 MuiTypography-noWrap-85"
      >
        Hello
      </h6>
    </div>
  </header>
</div>
`;
